******************************************************************************
                  TI ARM Linker PC v20.2.1                     
******************************************************************************
>> Linked Thu Mar  4 12:29:53 2021

OUTPUT FILE NAME:   <IOpointers.out>
ENTRY POINT SYMBOL: "_c_int00_noargs"  address: 000006d9


MEMORY CONFIGURATION

         name            origin    length      used     unused   attr    fill
----------------------  --------  ---------  --------  --------  ----  --------
  MAIN                  00000000   00040000  00000760  0003f8a0  R  X
  INFO                  00200000   00004000  00000000  00004000  R  X
  SRAM_CODE             01000000   00010000  0000021c  0000fde4  RW X
  SRAM_DATA             20000000   00010000  0000021c  0000fde4  RW  


SEGMENT ALLOCATION MAP

run origin  load origin   length   init length attrs members
----------  ----------- ---------- ----------- ----- -------
00000000    00000000    00000760   00000760    r-x
  00000000    00000000    000000e4   000000e4    r-- .intvecs
  000000e4    000000e4    0000064c   0000064c    r-x .text
  00000730    00000730    00000030   00000030    r-- .cinit
20000000    20000000    0000001c   00000000    rw-
  20000000    20000000    0000001c   00000000    rw- .data
2000fe00    2000fe00    00000200   00000000    rw-
  2000fe00    2000fe00    00000200   00000000    rw- .stack


SECTION ALLOCATION MAP

 output                                  attributes/
section   page    origin      length       input sections
--------  ----  ----------  ----------   ----------------
.intvecs   0    00000000    000000e4     
                  00000000    000000e4     startup_msp432p401r_ccs.obj (.intvecs:retain)

.text      0    000000e4    0000064c     
                  000000e4    00000334     system_msp432p401r.obj (.text)
                  00000418    00000178     main.obj (.text)
                  00000590    0000009c     rtsv7M4_T_le_v4SPD16_eabi.lib : memcpy_t2.asm.obj (.text)
                  0000062c    00000068                                   : copy_decompress_lzss.c.obj (.text:decompress:lzss:__TI_decompress_lzss)
                  00000694    00000044                                   : autoinit.c.obj (.text:__TI_auto_init_nobinit_nopinit:__TI_auto_init_nobinit_nopinit)
                  000006d8    00000034                                   : boot_cortex_m.c.obj (.text:_c_int00_noargs:_c_int00_noargs)
                  0000070c    0000000e                                   : copy_decompress_none.c.obj (.text:decompress:none:__TI_decompress_none)
                  0000071a    0000000e     startup_msp432p401r_ccs.obj (.text)
                  00000728    00000004     rtsv7M4_T_le_v4SPD16_eabi.lib : pre_init.c.obj (.text:_system_pre_init)
                  0000072c    00000004                                   : exit.c.obj (.text:abort:abort)

.cinit     0    00000730    00000030     
                  00000730    0000001d     (.cinit..data.load) [load image, compression = lzss]
                  0000074d    00000003     --HOLE-- [fill = 0]
                  00000750    00000008     (__TI_handler_table)
                  00000758    00000008     (__TI_cinit_table)

.init_array 
*          0    00000000    00000000     UNINITIALIZED

.binit     0    00000000    00000000     

.data      0    20000000    0000001c     UNINITIALIZED
                  20000000    00000018     main.obj (.data)
                  20000018    00000004     system_msp432p401r.obj (.data)

.stack     0    2000fe00    00000200     UNINITIALIZED
                  2000fe00    00000004     rtsv7M4_T_le_v4SPD16_eabi.lib : boot_cortex_m.c.obj (.stack)
                  2000fe04    000001fc     --HOLE--

__llvm_prf_cnts 
*          0    20000000    00000000     UNINITIALIZED

MODULE SUMMARY

       Module                        code   ro data   rw data
       ------                        ----   -------   -------
    .\
       system_msp432p401r.obj        820    0         8      
       main.obj                      376    0         48     
       startup_msp432p401r_ccs.obj   14     228       0      
    +--+-----------------------------+------+---------+---------+
       Total:                        1210   228       56     
                                                             
    C:\ti_v10_1\ccs\tools\compiler\ti-cgt-arm_20.2.1.LTS\lib\rtsv7M4_T_le_v4SPD16_eabi.lib
       memcpy_t2.asm.obj             156    0         0      
       copy_decompress_lzss.c.obj    104    0         0      
       autoinit.c.obj                68     0         0      
       boot_cortex_m.c.obj           52     0         0      
       copy_decompress_none.c.obj    14     0         0      
       exit.c.obj                    4      0         0      
       pre_init.c.obj                4      0         0      
    +--+-----------------------------+------+---------+---------+
       Total:                        402    0         0      
                                                             
       Stack:                        0      0         1024   
       Linker Generated:             0      45        0      
    +--+-----------------------------+------+---------+---------+
       Grand Total:                  1612   273       1080   


LINKER GENERATED COPY TABLES

__TI_cinit_table @ 00000758 records: 1, size/record: 8, table size: 8
	.data: load addr=00000730, load size=0000001d bytes, run addr=20000000, run size=0000001c bytes, compression=lzss


LINKER GENERATED HANDLER TABLE

__TI_handler_table @ 00000750 records: 2, size/record: 4, table size: 8
	index: 0, handler: __TI_decompress_lzss
	index: 1, handler: __TI_decompress_none


GLOBAL SYMBOLS: SORTED ALPHABETICALLY BY Name 

address   name                          
-------   ----                          
00000727  ADC14_IRQHandler              
00000727  AES256_IRQHandler             
00000727  BusFault_Handler              
0000072d  C$$EXIT                       
00000727  COMP_E0_IRQHandler            
00000727  COMP_E1_IRQHandler            
00000727  CS_IRQHandler                 
00000727  DMA_ERR_IRQHandler            
00000727  DMA_INT0_IRQHandler           
00000727  DMA_INT1_IRQHandler           
00000727  DMA_INT2_IRQHandler           
00000727  DMA_INT3_IRQHandler           
00000727  DebugMon_Handler              
00000727  Default_Handler               
00000727  EUSCIA0_IRQHandler            
00000727  EUSCIA1_IRQHandler            
00000727  EUSCIA2_IRQHandler            
00000727  EUSCIA3_IRQHandler            
00000727  EUSCIB0_IRQHandler            
00000727  EUSCIB1_IRQHandler            
00000727  EUSCIB2_IRQHandler            
00000727  EUSCIB3_IRQHandler            
00000727  FLCTL_IRQHandler              
00000727  FPU_IRQHandler                
00000551  GPIO_PIN_IN                   
00000727  HardFault_Handler             
00000727  MemManage_Handler             
00000727  NMI_Handler                   
00000727  PCM_IRQHandler                
00000727  PORT1_IRQHandler              
00000727  PORT2_IRQHandler              
00000727  PORT3_IRQHandler              
00000727  PORT4_IRQHandler              
00000727  PORT5_IRQHandler              
00000727  PORT6_IRQHandler              
00000727  PSS_IRQHandler                
00000727  PendSV_Handler                
00000727  RTC_C_IRQHandler              
0000071b  Reset_Handler                 
00000727  SVC_Handler                   
00000727  SysTick_Handler               
20000018  SystemCoreClock               
000000e5  SystemCoreClockUpdate         
0000035d  SystemInit                    
00000727  T32_INT1_IRQHandler           
00000727  T32_INT2_IRQHandler           
00000727  T32_INTC_IRQHandler           
00000727  TA0_0_IRQHandler              
00000727  TA0_N_IRQHandler              
00000727  TA1_0_IRQHandler              
00000727  TA1_N_IRQHandler              
00000727  TA2_0_IRQHandler              
00000727  TA2_N_IRQHandler              
00000727  TA3_0_IRQHandler              
00000727  TA3_N_IRQHandler              
00000727  UsageFault_Handler            
4000480c  WDTCTL_SYM                    
00000727  WDT_A_IRQHandler              
20010000  __STACK_END                   
00000200  __STACK_SIZE                  
00000758  __TI_CINIT_Base               
00000760  __TI_CINIT_Limit              
00000750  __TI_Handler_Table_Base       
00000758  __TI_Handler_Table_Limit      
00000695  __TI_auto_init_nobinit_nopinit
0000062d  __TI_decompress_lzss          
0000070d  __TI_decompress_none          
ffffffff  __TI_pprof_out_hndl           
ffffffff  __TI_prof_data_size           
ffffffff  __TI_prof_data_start          
00000000  __TI_static_base__            
00000591  __aeabi_memcpy                
00000591  __aeabi_memcpy4               
00000591  __aeabi_memcpy8               
ffffffff  __binit__                     
ffffffff  __c_args__                    
UNDEFED   __mpu_init                    
2000fe00  __stack                       
20000000  __start___llvm_prf_cnts       
20000000  __stop___llvm_prf_cnts        
000006d9  _c_int00_noargs               
UNDEFED   _system_post_cinit            
00000729  _system_pre_init              
0000072d  abort                         
ffffffff  binit                         
00000000  interruptVectors              
00000419  main                          
00000591  memcpy                        
20000008  p1_dir                        
20000000  p1_in                         
20000004  p1_out                        
2000000c  p1_ren                        
20000014  p2_dir                        
20000010  p2_out                        


GLOBAL SYMBOLS: SORTED BY Symbol Address 

address   name                          
-------   ----                          
00000000  __TI_static_base__            
00000000  interruptVectors              
000000e5  SystemCoreClockUpdate         
00000200  __STACK_SIZE                  
0000035d  SystemInit                    
00000419  main                          
00000551  GPIO_PIN_IN                   
00000591  __aeabi_memcpy                
00000591  __aeabi_memcpy4               
00000591  __aeabi_memcpy8               
00000591  memcpy                        
0000062d  __TI_decompress_lzss          
00000695  __TI_auto_init_nobinit_nopinit
000006d9  _c_int00_noargs               
0000070d  __TI_decompress_none          
0000071b  Reset_Handler                 
00000727  ADC14_IRQHandler              
00000727  AES256_IRQHandler             
00000727  BusFault_Handler              
00000727  COMP_E0_IRQHandler            
00000727  COMP_E1_IRQHandler            
00000727  CS_IRQHandler                 
00000727  DMA_ERR_IRQHandler            
00000727  DMA_INT0_IRQHandler           
00000727  DMA_INT1_IRQHandler           
00000727  DMA_INT2_IRQHandler           
00000727  DMA_INT3_IRQHandler           
00000727  DebugMon_Handler              
00000727  Default_Handler               
00000727  EUSCIA0_IRQHandler            
00000727  EUSCIA1_IRQHandler            
00000727  EUSCIA2_IRQHandler            
00000727  EUSCIA3_IRQHandler            
00000727  EUSCIB0_IRQHandler            
00000727  EUSCIB1_IRQHandler            
00000727  EUSCIB2_IRQHandler            
00000727  EUSCIB3_IRQHandler            
00000727  FLCTL_IRQHandler              
00000727  FPU_IRQHandler                
00000727  HardFault_Handler             
00000727  MemManage_Handler             
00000727  NMI_Handler                   
00000727  PCM_IRQHandler                
00000727  PORT1_IRQHandler              
00000727  PORT2_IRQHandler              
00000727  PORT3_IRQHandler              
00000727  PORT4_IRQHandler              
00000727  PORT5_IRQHandler              
00000727  PORT6_IRQHandler              
00000727  PSS_IRQHandler                
00000727  PendSV_Handler                
00000727  RTC_C_IRQHandler              
00000727  SVC_Handler                   
00000727  SysTick_Handler               
00000727  T32_INT1_IRQHandler           
00000727  T32_INT2_IRQHandler           
00000727  T32_INTC_IRQHandler           
00000727  TA0_0_IRQHandler              
00000727  TA0_N_IRQHandler              
00000727  TA1_0_IRQHandler              
00000727  TA1_N_IRQHandler              
00000727  TA2_0_IRQHandler              
00000727  TA2_N_IRQHandler              
00000727  TA3_0_IRQHandler              
00000727  TA3_N_IRQHandler              
00000727  UsageFault_Handler            
00000727  WDT_A_IRQHandler              
00000729  _system_pre_init              
0000072d  C$$EXIT                       
0000072d  abort                         
00000750  __TI_Handler_Table_Base       
00000758  __TI_CINIT_Base               
00000758  __TI_Handler_Table_Limit      
00000760  __TI_CINIT_Limit              
20000000  __start___llvm_prf_cnts       
20000000  __stop___llvm_prf_cnts        
20000000  p1_in                         
20000004  p1_out                        
20000008  p1_dir                        
2000000c  p1_ren                        
20000010  p2_out                        
20000014  p2_dir                        
20000018  SystemCoreClock               
2000fe00  __stack                       
20010000  __STACK_END                   
4000480c  WDTCTL_SYM                    
ffffffff  __TI_pprof_out_hndl           
ffffffff  __TI_prof_data_size           
ffffffff  __TI_prof_data_start          
ffffffff  __binit__                     
ffffffff  __c_args__                    
ffffffff  binit                         
UNDEFED   __mpu_init                    
UNDEFED   _system_post_cinit            

[94 symbols]
